[14:30:41] [模型] 已加载 /home/kf/dev/voice_operate/models/vosk-model-small-cn-0.22
[14:30:41] ============================================================
[14:30:41] 语音命令演示: 唤醒后说“打开图片”
[14:30:41] [串口] /dev/ttyACM1 @115200
[14:30:41] [识别] Vosk 本地离线识别(语法限制), 录音时长 3s
[14:30:41] ============================================================
[14:30:45] [唤醒] 声源角度: 187° → 请说命令词(如“打开图片”)
[14:30:45] [录音] 开始 3s (PulseAudio 源 alsa_input.usb-iflytek_XFM-DP-V0.0.18_bc00144082110781dd0-01.mono-fallback), 请说命令词…
[14:30:46] [识别] 开图片
[14:30:48] [识别] 最终: 开图片
[14:30:48] [命令] 打开图片: /home/kf/Pictures/Screenshots/Screenshot from 2026-09-09 13-20-29.png
[14:30:54] [唤醒] 声源角度: 190° → 请说命令词(如“打开图片”)
[14:30:54] [录音] 开始 3s (PulseAudio 源 alsa_input.usb-iflytek_XFM-DP-V0.0.18_bc00144082110781dd0-01.mono-fallback), 请说命令词…
[14:30:57] [识别] 最终: (无有效语音)
[14:30:57] [命令] 未识别到内容, 忽略
[14:31:10] [唤醒] 声源角度: 190° → 请说命令词(如“打开图片”)
[14:31:10] [录音] 开始 3s (PulseAudio 源 alsa_input.usb-iflytek_XFM-DP-V0.0.18_bc00144082110781dd0-01.mono-fallback), 请说命令词…
[14:31:11] [识别] 片
[14:31:13] [识别] 最终: 片
[14:31:13] [命令] 未匹配到动作: '片'
[14:31:13] [唤醒] 声源角度: 188° → 请说命令词(如“打开图片”)
[14:31:13] [录音] 开始 3s (PulseAudio 源 alsa_input.usb-iflytek_XFM-DP-V0.0.18_bc00144082110781dd0-01.mono-fallback), 请说命令词…
[14:31:16] [识别] 最终: (无有效语音)
[14:31:16] [命令] 未识别到内容, 忽略
[14:31:31] [唤醒] 声源角度: 175° → 请说命令词(如“打开图片”)
[14:31:31] [录音] 开始 3s (PulseAudio 源 alsa_input.usb-iflytek_XFM-DP-V0.0.18_bc00144082110781dd0-01.mono-fallback), 请说命令词…
[14:31:32] [识别] 片
[14:31:34] [识别] 最终: 片
[14:31:34] [命令] 未匹配到动作: '片'
[14:31:37] [唤醒] 声源角度: 170° → 请说命令词(如“打开图片”)
[14:31:37] [录音] 开始 3s (PulseAudio 源 alsa_input.usb-iflytek_XFM-DP-V0.0.18_bc00144082110781dd0-01.mono-fallback), 请说命令词…
[14:31:39] [识别] 开图片
[14:31:40] [识别] 最终: 开图片
[14:31:40] [命令] 打开图片: /home/kf/Pictures/Screenshots/Screenshot from 2026-09-09 13-20-29.png
[14:36:50] [模型] 已加载 /home/kf/dev/voice_operate/models/vosk-model-small-cn-0.22
[14:36:50] ============================================================
[14:36:50] 语音命令演示: 唤醒后说“打开图片”
[14:36:50] [串口] /dev/ttyACM1 @115200
[14:36:50] [识别] Vosk 本地离线识别(语法限制), 录音时长 3s
[14:36:50] [状态] 监听中：请先说唤醒词(默认「小微小微」), 再说命令词(如「打开图片」)
[14:36:50] ============================================================
[14:36:54] [状态] 已唤醒：声源角度 94° → 请说命令词(如「打开图片」)
[14:36:54] [状态] 识别中：开始录音 3s (PulseAudio 源 alsa_input.usb-iflytek_XFM-DP-V0.0.18_bc00144082110781dd0-01.mono-fallback), 请说命令词…
[14:36:55] [识别] 结果片段: 下图片
[14:36:57] [状态] 识别结果：下图片
[14:36:57] [命令] 打开图片: /home/kf/Pictures/Screenshots/Screenshot from 2026-09-09 13-20-29.png
[14:36:57] [状态] 已执行命令，回到监听中
[14:37:21] [状态] 已唤醒：声源角度 94° → 请说命令词(如「打开图片」)
[14:37:21] [状态] 识别中：开始录音 3s (PulseAudio 源 alsa_input.usb-iflytek_XFM-DP-V0.0.18_bc00144082110781dd0-01.mono-fallback), 请说命令词…
[14:37:24] [状态] 识别结果：(无有效语音)
[14:37:24] [状态] 未识别到命令词，回到监听中
[14:38:24] [状态] 监听中…（已连续监听 60s, 请说唤醒词「小微小微」）
[14:38:54] [状态] 已唤醒：声源角度 108° → 请说命令词(如「打开图片」)
[14:38:54] [状态] 识别中：开始录音 3s (PulseAudio 源 alsa_input.usb-iflytek_XFM-DP-V0.0.18_bc00144082110781dd0-01.mono-fallback), 请说命令词…
[14:38:56] [识别] 结果片段: 开图片
[14:38:57] [状态] 识别结果：开图片
[14:38:57] [命令] 打开图片: /home/kf/Pictures/Screenshots/Screenshot from 2026-09-09 13-20-29.png
[14:38:57] [状态] 已执行命令，回到监听中
[14:39:00] [状态] 已唤醒：声源角度 102° → 请说命令词(如「打开图片」)
[14:39:00] [状态] 识别中：开始录音 3s (PulseAudio 源 alsa_input.usb-iflytek_XFM-DP-V0.0.18_bc00144082110781dd0-01.mono-fallback), 请说命令词…
[14:39:02] [识别] 结果片段: 图片
[14:39:02] [状态] 识别结果：图片
[14:39:02] [命令] 打开图片: /home/kf/Pictures/Screenshots/Screenshot from 2026-09-09 13-20-29.png
[14:39:02] [状态] 已执行命令，回到监听中
[14:39:11] [模型] 已加载 /home/kf/dev/voice_operate/models/vosk-model-small-cn-0.22
[14:39:12] ============================================================
[14:39:12] 语音命令演示: 说「打开图片」打开 / 说「关闭图片」关闭
[14:39:12] [串口] /dev/ttyACM1 @115200
[14:39:12] [识别] Vosk 本地离线识别(语法限制), 录音时长 3s
[14:39:12] [状态] 监听中：请先说唤醒词(默认「小微小微」), 再说命令词(如「打开图片」「关闭图片」)
[14:39:12] ============================================================
[14:39:14] [状态] 已唤醒：声源角度 98° → 请说命令词(如「打开图片」)
[14:39:14] [状态] 识别中：开始录音 3s (PulseAudio 源 alsa_input.usb-iflytek_XFM-DP-V0.0.18_bc00144082110781dd0-01.mono-fallback), 请说命令词…
[14:39:15] [识别] 结果片段: 图片
[14:39:17] [状态] 识别结果：图片
[14:39:17] [命令] 打开图片: /home/kf/Pictures/Screenshots/Screenshot from 2026-09-09 13-20-29.png
[14:39:17] [状态] 已执行命令，回到监听中
[14:39:20] [状态] 已唤醒：声源角度 97° → 请说命令词(如「打开图片」)
[14:39:20] [状态] 识别中：开始录音 3s (PulseAudio 源 alsa_input.usb-iflytek_XFM-DP-V0.0.18_bc00144082110781dd0-01.mono-fallback), 请说命令词…
[14:39:22] [识别] 结果片段: 关闭图片
[14:39:23] [状态] 识别结果：关闭图片
[14:39:23] [命令] 关闭图片: /home/kf/Pictures/Screenshots/Screenshot from 2026-09-09 13-20-29.png (结束进程 [2471277])
[14:39:23] [状态] 已执行命令，回到监听中
